Archive member included to satisfy reference by file (symbol)

/home/snehas/st/stm32cubeide_2.0.0/plugins/com.st.stm32cube.ide.mcu.externaltools.gnu-tools-for-stm32.13.3.rel1.linux64_1.0.100.202509120712/tools/bin/../lib/gcc/arm-none-eabi/13.3.1/../../../../arm-none-eabi/lib/thumb/v7e-m+fp/hard/libc_nano.a(libc_a-exit.o)
                              /home/snehas/st/stm32cubeide_2.0.0/plugins/com.st.stm32cube.ide.mcu.externaltools.gnu-tools-for-stm32.13.3.rel1.linux64_1.0.100.202509120712/tools/bin/../lib/gcc/arm-none-eabi/13.3.1/../../../../arm-none-eabi/lib/thumb/v7e-m+fp/hard/crt0.o (exit)
/home/snehas/st/stm32cubeide_2.0.0/plugins/com.st.stm32cube.ide.mcu.externaltools.gnu-tools-for-stm32.13.3.rel1.linux64_1.0.100.202509120712/tools/bin/../lib/gcc/arm-none-eabi/13.3.1/../../../../arm-none-eabi/lib/thumb/v7e-m+fp/hard/libc_nano.a(libc_a-findfp.o)
                              /home/snehas/st/stm32cubeide_2.0.0/plugins/com.st.stm32cube.ide.mcu.externaltools.gnu-tools-for-stm32.13.3.rel1.linux64_1.0.100.202509120712/tools/bin/../lib/gcc/arm-none-eabi/13.3.1/../../../../arm-none-eabi/lib/thumb/v7e-m+fp/hard/libc_nano.a(libc_a-exit.o) (__stdio_exit_handler)
/home/snehas/st/stm32cubeide_2.0.0/plugins/com.st.stm32cube.ide.mcu.externaltools.gnu-tools-for-stm32.13.3.rel1.linux64_1.0.100.202509120712/tools/bin/../lib/gcc/arm-none-eabi/13.3.1/../../../../arm-none-eabi/lib/thumb/v7e-m+fp/hard/libc_nano.a(libc_a-fwalk.o)
                              /home/snehas/st/stm32cubeide_2.0.0/plugins/com.st.stm32cube.ide.mcu.externaltools.gnu-tools-for-stm32.13.3.rel1.linux64_1.0.100.202509120712/tools/bin/../lib/gcc/arm-none-eabi/13.3.1/../../../../arm-none-eabi/lib/thumb/v7e-m+fp/hard/libc_nano.a(libc_a-findfp.o) (_fwalk_sglue)
/home/snehas/st/stm32cubeide_2.0.0/plugins/com.st.stm32cube.ide.mcu.externaltools.gnu-tools-for-stm32.13.3.rel1.linux64_1.0.100.202509120712/tools/bin/../lib/gcc/arm-none-eabi/13.3.1/../../../../arm-none-eabi/lib/thumb/v7e-m+fp/hard/libc_nano.a(libc_a-stdio.o)
                              /home/snehas/st/stm32cubeide_2.0.0/plugins/com.st.stm32cube.ide.mcu.externaltools.gnu-tools-for-stm32.13.3.rel1.linux64_1.0.100.202509120712/tools/bin/../lib/gcc/arm-none-eabi/13.3.1/../../../../arm-none-eabi/lib/thumb/v7e-m+fp/hard/libc_nano.a(libc_a-findfp.o) (__sread)
/home/snehas/st/stm32cubeide_2.0.0/plugins/com.st.stm32cube.ide.mcu.externaltools.gnu-tools-for-stm32.13.3.rel1.linux64_1.0.100.202509120712/tools/bin/../lib/gcc/arm-none-eabi/13.3.1/../../../../arm-none-eabi/lib/thumb/v7e-m+fp/hard/libc_nano.a(libc_a-memset.o)
                              /home/snehas/st/stm32cubeide_2.0.0/plugins/com.st.stm32cube.ide.mcu.externaltools.gnu-tools-for-stm32.13.3.rel1.linux64_1.0.100.202509120712/tools/bin/../lib/gcc/arm-none-eabi/13.3.1/../../../../arm-none-eabi/lib/thumb/v7e-m+fp/hard/crt0.o (memset)
/home/snehas/st/stm32cubeide_2.0.0/plugins/com.st.stm32cube.ide.mcu.externaltools.gnu-tools-for-stm32.13.3.rel1.linux64_1.0.100.202509120712/tools/bin/../lib/gcc/arm-none-eabi/13.3.1/../../../../arm-none-eabi/lib/thumb/v7e-m+fp/hard/libc_nano.a(libc_a-closer.o)
                              /home/snehas/st/stm32cubeide_2.0.0/plugins/com.st.stm32cube.ide.mcu.externaltools.gnu-tools-for-stm32.13.3.rel1.linux64_1.0.100.202509120712/tools/bin/../lib/gcc/arm-none-eabi/13.3.1/../../../../arm-none-eabi/lib/thumb/v7e-m+fp/hard/libc_nano.a(libc_a-stdio.o) (_close_r)
/home/snehas/st/stm32cubeide_2.0.0/plugins/com.st.stm32cube.ide.mcu.externaltools.gnu-tools-for-stm32.13.3.rel1.linux64_1.0.100.202509120712/tools/bin/../lib/gcc/arm-none-eabi/13.3.1/../../../../arm-none-eabi/lib/thumb/v7e-m+fp/hard/libc_nano.a(libc_a-reent.o)
                              /home/snehas/st/stm32cubeide_2.0.0/plugins/com.st.stm32cube.ide.mcu.externaltools.gnu-tools-for-stm32.13.3.rel1.linux64_1.0.100.202509120712/tools/bin/../lib/gcc/arm-none-eabi/13.3.1/../../../../arm-none-eabi/lib/thumb/v7e-m+fp/hard/libc_nano.a(libc_a-closer.o) (errno)
/home/snehas/st/stm32cubeide_2.0.0/plugins/com.st.stm32cube.ide.mcu.externaltools.gnu-tools-for-stm32.13.3.rel1.linux64_1.0.100.202509120712/tools/bin/../lib/gcc/arm-none-eabi/13.3.1/../../../../arm-none-eabi/lib/thumb/v7e-m+fp/hard/libc_nano.a(libc_a-impure.o)
                              /home/snehas/st/stm32cubeide_2.0.0/plugins/com.st.stm32cube.ide.mcu.externaltools.gnu-tools-for-stm32.13.3.rel1.linux64_1.0.100.202509120712/tools/bin/../lib/gcc/arm-none-eabi/13.3.1/../../../../arm-none-eabi/lib/thumb/v7e-m+fp/hard/libc_nano.a(libc_a-reent.o) (_impure_ptr)
/home/snehas/st/stm32cubeide_2.0.0/plugins/com.st.stm32cube.ide.mcu.externaltools.gnu-tools-for-stm32.13.3.rel1.linux64_1.0.100.202509120712/tools/bin/../lib/gcc/arm-none-eabi/13.3.1/../../../../arm-none-eabi/lib/thumb/v7e-m+fp/hard/libc_nano.a(libc_a-lseekr.o)
[...]
Memory Configuration

Name             Origin             Length             Attributes
RAM              0x20000000         0x00020000         xrw
FLASH            0x08000000         0x00080000         xr
*default*        0x00000000         0xffffffff

Linker script and memory map

LOAD /home/snehas/st/stm32cubeide_2.0.0/plugins/com.st.stm32cube.ide.mcu.externaltools.gnu-tools-for-stm32.13.3.rel1.linux64_1.0.100.202509120712/tools/bin/../lib/gcc/arm-none-eabi/13.3.1/thumb/v7e-m+fp/hard/crti.o
LOAD /home/snehas/st/stm32cubeide_2.0.0/plugins/com.st.stm32cube.ide.mcu.externaltools.gnu-tools-for-stm32.13.3.rel1.linux64_1.0.100.202509120712/tools/bin/../lib/gcc/arm-none-eabi/13.3.1/thumb/v7e-m+fp/hard/crtbegin.o
LOAD /home/snehas/st/stm32cubeide_2.0.0/plugins/com.st.stm32cube.ide.mcu.externaltools.gnu-tools-for-stm32.13.3.rel1.linux64_1.0.100.202509120712/tools/bin/../lib/gcc/arm-none-eabi/13.3.1/../../../../arm-none-eabi/lib/thumb/v7e-m+fp/hard/crt0.o
LOAD ./Src/adc.o
LOAD ./Src/main.o
LOAD ./Src/syscalls.o
LOAD ./Src/sysmem.o
LOAD ./Src/system_stm32f4xx.o
LOAD ./Src/systick.o
LOAD ./Src/uart.o
LOAD ./Startup/startup_stm32f411retx.o
START GROUP
LOAD /home/snehas/st/stm32cubeide_2.0.0/plugins/com.st.stm32cube.ide.mcu.externaltools.gnu-tools-for-stm32.13.3.rel1.linux64_1.0.100.202509120712/tools/bin/../lib/gcc/arm-none-eabi/13.3.1/../../../../arm-none-eabi/lib/thumb/v7e-m+fp/hard/libc_nano.a
LOAD /home/snehas/st/stm32cubeide_2.0.0/plugins/com.st.stm32cube.ide.mcu.externaltools.gnu-tools-for-stm32.13.3.rel1.linux64_1.0.100.202509120712/tools/bin/../lib/gcc/arm-none-eabi/13.3.1/../../../../arm-none-eabi/lib/thumb/v7e-m+fp/hard/libm.a
END GROUP
START GROUP
LOAD /home/snehas/st/stm32cubeide_2.0.0/plugins/com.st.stm32cube.ide.mcu.externaltools.gnu-tools-for-stm32.13.3.rel1.linux64_1.0.100.202509120712/tools/bin/../lib/gcc/arm-none-eabi/13.3.1/thumb/v7e-m+fp/hard/libgcc.a
LOAD /home/snehas/st/stm32cubeide_2.0.0/plugins/com.st.stm32cube.ide.mcu.externaltools.gnu-tools-for-stm32.13.3.rel1.linux64_1.0.100.202509120712/tools/bin/../lib/gcc/arm-none-eabi/13.3.1/../../../../arm-none-eabi/lib/thumb/v7e-m+fp/hard/libc_nano.a
END GROUP
START GROUP
LOAD /home/snehas/st/stm32cubeide_2.0.0/plugins/com.st.stm32cube.ide.mcu.externaltools.gnu-tools-for-stm32.13.3.rel1.linux64_1.0.100.202509120712/tools/bin/../lib/gcc/arm-none-eabi/13.3.1/thumb/v7e-m+fp/hard/libgcc.a
LOAD /home/snehas/st/stm32cubeide_2.0.0/plugins/com.st.stm32cube.ide.mcu.externaltools.gnu-tools-for-stm32.13.3.rel1.linux64_1.0.100.202509120712/tools/bin/../lib/gcc/arm-none-eabi/13.3.1/../../../../arm-none-eabi/lib/thumb/v7e-m+fp/hard/libc_nano.a
LOAD /home/snehas/st/stm32cubeide_2.0.0/plugins/com.st.stm32cube.ide.mcu.externaltools.gnu-tools-for-stm32.13.3.rel1.linux64_1.0.100.202509120712/tools/bin/../lib/gcc/arm-none-eabi/13.3.1/../../../../arm-none-eabi/lib/thumb/v7e-m+fp/hard/libnosys.a
END GROUP
START GROUP
LOAD /home/snehas/st/stm32cubeide_2.0.0/plugins/com.st.stm32cube.ide.mcu.externaltools.gnu-tools-for-stm32.13.3.rel1.linux64_1.0.100.202509120712/tools/bin/../lib/gcc/arm-none-eabi/13.3.1/thumb/v7e-m+fp/hard/libgcc.a
LOAD /home/snehas/st/stm32cubeide_2.0.0/plugins/com.st.stm32cube.ide.mcu.externaltools.gnu-tools-for-stm32.13.3.rel1.linux64_1.0.100.202509120712/tools/bin/../lib/gcc/arm-none-eabi/13.3.1/../../../../arm-none-eabi/lib/thumb/v7e-m+fp/hard/libc_nano.a
LOAD /home/snehas/st/stm32cubeide_2.0.0/plugins/com.st.stm32cube.ide.mcu.externaltools.gnu-tools-for-stm32.13.3.rel1.linux64_1.0.100.202509120712/tools/bin/../lib/gcc/arm-none-eabi/13.3.1/../../../../arm-none-eabi/lib/thumb/v7e-m+fp/hard/libnosys.a
END GROUP
LOAD /home/snehas/st/stm32cubeide_2.0.0/plugins/com.st.stm32cube.ide.mcu.externaltools.gnu-tools-for-stm32.13.3.rel1.linux64_1.0.100.202509120712/tools/bin/../lib/gcc/arm-none-eabi/13.3.1/thumb/v7e-m+fp/hard/crtend.o
LOAD /home/snehas/st/stm32cubeide_2.0.0/plugins/com.st.stm32cube.ide.mcu.externaltools.gnu-tools-for-stm32.13.3.rel1.linux64_1.0.100.202509120712/tools/bin/../lib/gcc/arm-none-eabi/13.3.1/thumb/v7e-m+fp/hard/crtn.o
                0x20020000                        _estack = (ORIGIN (RAM) + LENGTH (RAM))
                0x00000200                        _Min_Heap_Size = 0x200
                0x00000400                        _Min_Stack_Size = 0x400

.isr_vector     0x08000000      0x198
                0x08000000                        . = ALIGN (0x4)
 *(.isr_vector)
 .isr_vector    0x08000000      0x198 ./Startup/startup_stm32f411retx.o
                0x08000000                g_pfnVectors
                0x08000198                        . = ALIGN (0x4)

.text           0x08000198      0x2dc
                0x08000198                        . = ALIGN (0x4)
 *(.text)
 .text          0x08000198       0x40 /home/snehas/st/stm32cubeide_2.0.0/plugins/com.st.stm32cube.ide.mcu.externaltools.gnu-tools-for-stm32.13.3.rel1.linux64_1.0.100.202509120712/tools/bin/../lib/gcc/arm-none-eabi/13.3.1/thumb/v7e-m+fp/hard/crtbegin.o
 *(.text*)
 .text.main     0x080001d8       0x54 ./Src/main.o
                0x080001d8                main
 .text.systick_callback
                0x0800022c       0x24 ./Src/main.o
 .text.SysTick_Handler
                0x08000250        0xc ./Src/main.o
                0x08000250                SysTick_Handler
 .text.SystemInit
                0x0800025c       0x24 ./Src/system_stm32f4xx.o
                0x0800025c                SystemInit
 .text.systick_1hz_interrupt
                0x08000280       0x34 ./Src/systick.o
                0x08000280                systick_1hz_interrupt
 .text.uart2_rxtx_init
                0x080002b4       0xb0 ./Src/uart.o
                0x080002b4                uart2_rxtx_init
 .text.uart2_write
                0x08000364       0x30 ./Src/uart.o
                0x08000364                uart2_write
 .text.uart2_write_string
                0x08000394       0x2a ./Src/uart.o
                0x08000394                uart2_write_string
 *fill*         0x080003be        0x2 
 .text.Reset_Handler
                0x080003c0       0x50 ./Startup/startup_stm32f411retx.o
                0x080003c0                Reset_Handler
 .text.Default_Handler
                0x08000410        0x2 ./Startup/startup_stm32f411retx.o
                0x08000410                RTC_Alarm_IRQHandler
                0x08000410                EXTI2_IRQHandler
                0x08000410                DebugMon_Handler
                0x08000410                SPI4_IRQHandler
                0x08000410                TIM1_CC_IRQHandler
                0x08000410                DMA2_Stream5_IRQHandler
                0x08000410                HardFault_Handler
                0x08000410                DMA1_Stream5_IRQHandler
                0x08000410                PVD_IRQHandler
                0x08000410                SDIO_IRQHandler
                0x08000410                TAMP_STAMP_IRQHandler
                0x08000410                PendSV_Handler
                0x08000410                NMI_Handler
                0x08000410                EXTI3_IRQHandler
                0x08000410                TIM1_UP_TIM10_IRQHandler
                0x08000410                I2C3_ER_IRQHandler
                0x08000410                EXTI0_IRQHandler
                0x08000410                I2C2_EV_IRQHandler
                0x08000410                DMA1_Stream2_IRQHandler
                0x08000410                UsageFault_Handler
                0x08000410                DMA2_Stream2_IRQHandler
                0x08000410                SPI1_IRQHandler
                0x08000410                TIM1_BRK_TIM9_IRQHandler
                0x08000410                DMA2_Stream3_IRQHandler
                0x08000410                USART6_IRQHandler
                0x08000410                DMA2_Stream0_IRQHandler
                0x08000410                TIM4_IRQHandler
                0x08000410                I2C1_EV_IRQHandler
                0x08000410                DMA1_Stream6_IRQHandler
                0x08000410                DMA1_Stream1_IRQHandler
                0x08000410                TIM3_IRQHandler
                0x08000410                RCC_IRQHandler
                0x08000410                Default_Handler
                0x08000410                EXTI15_10_IRQHandler
                0x08000410                ADC_IRQHandler
                0x08000410                DMA1_Stream7_IRQHandler
                0x08000410                SPI5_IRQHandler
                0x08000410                TIM5_IRQHandler
                0x08000410                DMA2_Stream7_IRQHandler
                0x08000410                I2C3_EV_IRQHandler
                0x08000410                EXTI9_5_IRQHandler
                0x08000410                RTC_WKUP_IRQHandler
                0x08000410                SPI2_IRQHandler
                0x08000410                MemManage_Handler
                0x08000410                DMA1_Stream0_IRQHandler
                0x08000410                SVC_Handler
                0x08000410                EXTI4_IRQHandler
                0x08000410                WWDG_IRQHandler
                0x08000410                TIM2_IRQHandler
                0x08000410                OTG_FS_WKUP_IRQHandler
                0x08000410                TIM1_TRG_COM_TIM11_IRQHandler
                0x08000410                EXTI1_IRQHandler
                0x08000410                USART2_IRQHandler
                0x08000410                I2C2_ER_IRQHandler
                0x08000410                DMA2_Stream1_IRQHandler
                0x08000410                FLASH_IRQHandler
                0x08000410                DMA2_Stream4_IRQHandler
                0x08000410                BusFault_Handler
                0x08000410                USART1_IRQHandler
                0x08000410                OTG_FS_IRQHandler
                0x08000410                SPI3_IRQHandler
                0x08000410                DMA1_Stream4_IRQHandler
                0x08000410                I2C1_ER_IRQHandler
                0x08000410                DMA2_Stream6_IRQHandler
                0x08000410                DMA1_Stream3_IRQHandler
 *fill*         0x08000412        0x2 
 .text.__libc_init_array
                0x08000414       0x48 /home/snehas/st/stm32cubeide_2.0.0/plugins/com.st.stm32cube.ide.mcu.externaltools.gnu-tools-for-stm32.13.3.rel1.linux64_1.0.100.202509120712/tools/bin/../lib/gcc/arm-none-eabi/13.3.1/../../../../arm-none-eabi/lib/thumb/v7e-m+fp/hard/libc_nano.a(libc_a-init.o)
                0x08000414                __libc_init_array
 *(.glue_7)
 .glue_7        0x0800045c        0x0 linker stubs
 *(.glue_7t)
 .glue_7t       0x0800045c        0x0 linker stubs
 *(.eh_frame)
 .eh_frame      0x0800045c        0x0 /home/snehas/st/stm32cubeide_2.0.0/plugins/com.st.stm32cube.ide.mcu.externaltools.gnu-tools-for-stm32.13.3.rel1.linux64_1.0.100.202509120712/tools/bin/../lib/gcc/arm-none-eabi/13.3.1/thumb/v7e-m+fp/hard/crtbegin.o
 *(.init)
 .init          0x0800045c        0x4 /home/snehas/st/stm32cubeide_2.0.0/plugins/com.st.stm32cube.ide.mcu.externaltools.gnu-tools-for-stm32.13.3.rel1.linux64_1.0.100.202509120712/tools/bin/../lib/gcc/arm-none-eabi/13.3.1/thumb/v7e-m+fp/hard/crti.o
                0x0800045c                _init
 .init          0x08000460        0x8 /home/snehas/st/stm32cubeide_2.0.0/plugins/com.st.stm32cube.ide.mcu.externaltools.gnu-tools-for-stm32.13.3.rel1.linux64_1.0.100.202509120712/tools/bin/../lib/gcc/arm-none-eabi/13.3.1/thumb/v7e-m+fp/hard/crtn.o
 *(.fini)
 .fini          0x08000468        0x4 /home/snehas/st/stm32cubeide_2.0.0/plugins/com.st.stm32cube.ide.mcu.externaltools.gnu-tools-for-stm32.13.3.rel1.linux64_1.0.100.202509120712/tools/bin/../lib/gcc/arm-none-eabi/13.3.1/thumb/v7e-m+fp/hard/crti.o
                0x08000468                _fini
 .fini          0x0800046c        0x8 /home/snehas/st/stm32cubeide_2.0.0/plugins/com.st.stm32cube.ide.mcu.externaltools.gnu-tools-for-stm32.13.3.rel1.linux64_1.0.100.202509120712/tools/bin/../lib/gcc/arm-none-eabi/13.3.1/thumb/v7e-m+fp/hard/crtn.o
                0x08000474                        . = ALIGN (0x4)
                0x08000474                        _etext = .

.vfp11_veneer   0x08000474        0x0
 .vfp11_veneer  0x08000474        0x0 linker stubs

.v4_bx          0x08000474        0x0
 .v4_bx         0x08000474        0x0 linker stubs

.iplt           0x08000474        0x0
 .iplt          0x08000474        0x0 /home/snehas/st/stm32cubeide_2.0.0/plugins/com.st.stm32cube.ide.mcu.externaltools.gnu-tools-for-stm32.13.3.rel1.linux64_1.0.100.202509120712/tools/bin/../lib/gcc/arm-none-eabi/13.3.1/thumb/v7e-m+fp/hard/crtbegin.o

.rodata         0x08000474       0x10
                0x08000474                        . = ALIGN (0x4)
 *(.rodata)
 .rodata        0x08000474       0x10 ./Src/main.o
 *(.rodata*)
                0x08000484                        . = ALIGN (0x4)

.ARM.extab      0x08000484        0x0
                0x08000484                        . = ALIGN (0x4)
 *(.ARM.extab* .gnu.linkonce.armextab.*)
                0x08000484                        . = ALIGN (0x4)

.ARM            0x08000484        0x0
                0x08000484                        . = ALIGN (0x4)
                0x08000484                        __exidx_start = .
 *(.ARM.exidx*)
                0x08000484                        __exidx_end = .
                0x08000484                        . = ALIGN (0x4)

.preinit_array  0x08000484        0x0
                0x08000484                        . = ALIGN (0x4)
                0x08000484                        PROVIDE (__preinit_array_start = .)
 *(.preinit_array*)
                0x08000484                        PROVIDE (__preinit_array_end = .)
                0x08000484                        . = ALIGN (0x4)

.init_array     0x08000484        0x4
                0x08000484                        . = ALIGN (0x4)
                0x08000484                        PROVIDE (__init_array_start = .)
 *(SORT_BY_NAME(.init_array.*))
 *(.init_array*)
 .init_array    0x08000484        0x4 /home/snehas/st/stm32cubeide_2.0.0/plugins/com.st.stm32cube.ide.mcu.externaltools.gnu-tools-for-stm32.13.3.rel1.linux64_1.0.100.202509120712/tools/bin/../lib/gcc/arm-none-eabi/13.3.1/thumb/v7e-m+fp/hard/crtbegin.o
                0x08000488                        PROVIDE (__init_array_end = .)
                0x08000488                        . = ALIGN (0x4)

.fini_array     0x08000488        0x4
                0x08000488                        . = ALIGN (0x4)
                [!provide]                        PROVIDE (__fini_array_start = .)
 *(SORT_BY_NAME(.fini_array.*))
 *(.fini_array*)
 .fini_array    0x08000488        0x4 /home/snehas/st/stm32cubeide_2.0.0/plugins/com.st.stm32cube.ide.mcu.externaltools.gnu-tools-for-stm32.13.3.rel1.linux64_1.0.100.202509120712/tools/bin/../lib/gcc/arm-none-eabi/13.3.1/thumb/v7e-m+fp/hard/crtbegin.o
                [!provide]                        PROVIDE (__fini_array_end = .)
                0x0800048c                        . = ALIGN (0x4)
                0x0800048c                        _sidata = LOADADDR (.data)

.rel.dyn        0x0800048c        0x0
 .rel.iplt      0x0800048c        0x0 /home/snehas/st/stm32cubeide_2.0.0/plugins/com.st.stm32cube.ide.mcu.externaltools.gnu-tools-for-stm32.13.3.rel1.linux64_1.0.100.202509120712/tools/bin/../lib/gcc/arm-none-eabi/13.3.1/thumb/v7e-m+fp/hard/crtbegin.o

.data           0x20000000        0x0 load address 0x0800048c
                0x20000000                        . = ALIGN (0x4)
                0x20000000                        _sdata = .
 *(.data)
 *(.data*)
 *(.RamFunc)
 *(.RamFunc*)
                0x20000000                        . = ALIGN (0x4)
                0x20000000                        _edata = .

.igot.plt       0x20000000        0x0 load address 0x0800048c
 .igot.plt      0x20000000        0x0 /home/snehas/st/stm32cubeide_2.0.0/plugins/com.st.stm32cube.ide.mcu.externaltools.gnu-tools-for-stm32.13.3.rel1.linux64_1.0.100.202509120712/tools/bin/../lib/gcc/arm-none-eabi/13.3.1/thumb/v7e-m+fp/hard/crtbegin.o
                0x20000000                        . = ALIGN (0x4)

.bss            0x20000000       0x1c load address 0x0800048c
                0x20000000                        _sbss = .
                0x20000000                        __bss_start__ = _sbss
 *(.bss)
 .bss           0x20000000       0x1c /home/snehas/st/stm32cubeide_2.0.0/plugins/com.st.stm32cube.ide.mcu.externaltools.gnu-tools-for-stm32.13.3.rel1.linux64_1.0.100.202509120712/tools/bin/../lib/gcc/arm-none-eabi/13.3.1/thumb/v7e-m+fp/hard/crtbegin.o
 *(.bss*)
 *(COMMON)
                0x2000001c                        . = ALIGN (0x4)
                0x2000001c                        _ebss = .
                0x2000001c                        __bss_end__ = _ebss

._user_heap_stack
                0x2000001c      0x604 load address 0x0800048c
                0x20000020                        . = ALIGN (0x8)
 *fill*         0x2000001c        0x4 
                [!provide]                        PROVIDE (end = .)
                0x20000020                        PROVIDE (_end = .)
                0x20000220                        . = (. + _Min_Heap_Size)
 *fill*         0x20000020      0x200 
                0x20000620                        . = (. + _Min_Stack_Size)
 *fill*         0x20000220      0x400 
                0x20000620                        . = ALIGN (0x8)

/DISCARD/
 libc.a(*)
 libm.a(*)
 libgcc.a(*)

.ARM.attributes
                0x00000000       0x30
 *(.ARM.attributes)
 .ARM.attributes
                0x00000000       0x22 /home/snehas/st/stm32cubeide_2.0.0/plugins/com.st.stm32cube.ide.mcu.externaltools.gnu-tools-for-stm32.13.3.rel1.linux64_1.0.100.202509120712/tools/bin/../lib/gcc/arm-none-eabi/13.3.1/thumb/v7e-m+fp/hard/crti.o
 .ARM.attributes
                0x00000022       0x34 /home/snehas/st/stm32cubeide_2.0.0/plugins/com.st.stm32cube.ide.mcu.externaltools.gnu-tools-for-stm32.13.3.rel1.linux64_1.0.100.202509120712/tools/bin/../lib/gcc/arm-none-eabi/13.3.1/thumb/v7e-m+fp/hard/crtbegin.o
 .ARM.attributes
                0x00000056       0x34 ./Src/main.o
 .ARM.attributes
                0x0000008a       0x34 ./Src/system_stm32f4xx.o
 .ARM.attributes
                0x000000be       0x34 ./Src/systick.o
 .ARM.attributes
                0x000000f2       0x34 ./Src/uart.o
 .ARM.attributes
                0x00000126       0x21 ./Startup/startup_stm32f411retx.o
 .ARM.attributes
                0x00000147       0x34 /home/snehas/st/stm32cubeide_2.0.0/plugins/com.st.stm32cube.ide.mcu.externaltools.gnu-tools-for-stm32.13.3.rel1.linux64_1.0.100.202509120712/tools/bin/../lib/gcc/arm-none-eabi/13.3.1/../../../../arm-none-eabi/lib/thumb/v7e-m+fp/hard/libc_nano.a(libc_a-init.o)
 .ARM.attributes
                0x0000017b       0x22 /home/snehas/st/stm32cubeide_2.0.0/plugins/com.st.stm32cube.ide.mcu.externaltools.gnu-tools-for-stm32.13.3.rel1.linux64_1.0.100.202509120712/tools/bin/../lib/gcc/arm-none-eabi/13.3.1/thumb/v7e-m+fp/hard/crtn.o
OUTPUT(18_system_tick_interrupt.elf elf32-littlearm)
LOAD linker stubs
LOAD /home/snehas/st/stm32cubeide_2.0.0/plugins/com.st.stm32cube.ide.mcu.externaltools.gnu-tools-for-stm32.13.3.rel1.linux64_1.0.100.202509120712/tools/bin/../lib/gcc/arm-none-eabi/13.3.1/../../../../arm-none-eabi/lib/thumb/v7e-m+fp/hard/libc.a
LOAD /home/snehas/st/stm32cubeide_2.0.0/plugins/com.st.stm32cube.ide.mcu.externaltools.gnu-tools-for-stm32.13.3.rel1.linux64_1.0.100.202509120712/tools/bin/../lib/gcc/arm-none-eabi/13.3.1/../../../../arm-none-eabi/lib/thumb/v7e-m+fp/hard/libm.a
LOAD /home/snehas/st/stm32cubeide_2.0.0/plugins/com.st.stm32cube.ide.mcu.externaltools.gnu-tools-for-stm32.13.3.rel1.linux64_1.0.100.202509120712/tools/bin/../lib/gcc/arm-none-eabi/13.3.1/thumb/v7e-m+fp/hard/libgcc.a

.debug_info     0x00000000      0xd77
 .debug_info    0x00000000      0x344 ./Src/main.o
 .debug_info    0x00000344      0x537 ./Src/system_stm32f4xx.o
 .debug_info    0x0000087b      0x128 ./Src/systick.o
 .debug_info    0x000009a3      0x3a4 ./Src/uart.o
 .debug_info    0x00000d47       0x30 ./Startup/startup_stm32f411retx.o

.debug_abbrev   0x00000000      0x44a
 .debug_abbrev  0x00000000      0x11e ./Src/main.o
 .debug_abbrev  0x0000011e      0x11a ./Src/system_stm32f4xx.o
 .debug_abbrev  0x00000238       0xe8 ./Src/systick.o
 .debug_abbrev  0x00000320      0x106 ./Src/uart.o
 .debug_abbrev  0x00000426       0x24 ./Startup/startup_stm32f411retx.o

.debug_aranges  0x00000000       0xd8
 .debug_aranges
                0x00000000       0x30 ./Src/main.o
 .debug_aranges
                0x00000030       0x28 ./Src/system_stm32f4xx.o
 .debug_aranges
                0x00000058       0x28 ./Src/systick.o
 .debug_aranges
                0x00000080       0x30 ./Src/uart.o
 .debug_aranges
                0x000000b0       0x28 ./Startup/startup_stm32f411retx.o

.debug_rnglists
                0x00000000       0x8b
 .debug_rnglists
                0x00000000       0x1f ./Src/main.o
 .debug_rnglists
                0x0000001f       0x1a ./Src/system_stm32f4xx.o
 .debug_rnglists
                0x00000039       0x19 ./Src/systick.o
 .debug_rnglists
                0x00000052       0x20 ./Src/uart.o
 .debug_rnglists
                0x00000072       0x19 ./Startup/startup_stm32f411retx.o

.debug_macro    0x00000000     0x1083
 .debug_macro   0x00000000      0x1d5 ./Src/main.o
 .debug_macro   0x000001d5       0x5b ./Src/main.o
 .debug_macro   0x00000230       0x2a ./Src/main.o
 .debug_macro   0x0000025a       0x94 ./Src/main.o
 .debug_macro   0x000002ee       0x43 ./Src/main.o
 .debug_macro   0x00000331       0x34 ./Src/main.o
 .debug_macro   0x00000365       0x16 ./Src/main.o
 .debug_macro   0x0000037b       0x57 ./Src/main.o
 .debug_macro   0x000003d2       0x9e ./Src/main.o
 .debug_macro   0x00000470      0x370 ./Src/main.o
 .debug_macro   0x000007e0      0x112 ./Src/main.o
 .debug_macro   0x000008f2       0x10 ./Src/main.o
 .debug_macro   0x00000902       0x16 ./Src/main.o
 .debug_macro   0x00000918       0x4a ./Src/main.o
 .debug_macro   0x00000962       0x34 ./Src/main.o
 .debug_macro   0x00000996       0x10 ./Src/main.o
 .debug_macro   0x000009a6       0x58 ./Src/main.o
 .debug_macro   0x000009fe       0x8e ./Src/main.o
 .debug_macro   0x00000a8c       0x1c ./Src/main.o
 .debug_macro   0x00000aa8      0x185 ./Src/main.o
 .debug_macro   0x00000c2d       0x16 ./Src/main.o
 .debug_macro   0x00000c43       0x16 ./Src/main.o
 .debug_macro   0x00000c59      0x146 ./Src/main.o
 .debug_macro   0x00000d9f       0xda ./Src/system_stm32f4xx.o
 .debug_macro   0x00000e79       0xfc ./Src/systick.o
 .debug_macro   0x00000f75      0x10e ./Src/uart.o

.debug_line     0x00000000     0x1656
 .debug_line    0x00000000      0x65c ./Src/main.o
 .debug_line    0x0000065c      0x524 ./Src/system_stm32f4xx.o
 .debug_line    0x00000b80      0x50b ./Src/systick.o
 .debug_line    0x0000108b      0x550 ./Src/uart.o
 .debug_line    0x000015db       0x7b ./Startup/startup_stm32f411retx.o

.debug_str      0x00000000    0x53c76
 .debug_str     0x00000000    0x53c76 ./Src/main.o
                              0x53ad9 (size before relaxing)
 .debug_str     0x00053c76        0x0 ./Src/system_stm32f4xx.o
                              0x4fff8 (size before relaxing)
 .debug_str     0x00053c76        0x0 ./Src/systick.o
                              0x4feaf (size before relaxing)
 .debug_str     0x00053c76        0x0 ./Src/uart.o
                              0x50000 (size before relaxing)
 .debug_str     0x00053c76        0x0 ./Startup/startup_stm32f411retx.o
                                 0x8c (size before relaxing)

.comment        0x00000000       0x43
 .comment       0x00000000       0x43 ./Src/main.o
                                 0x44 (size before relaxing)
 .comment       0x00000043        0x0 ./Src/system_stm32f4xx.o
                                 0x44 (size before relaxing)
 .comment       0x00000043        0x0 ./Src/systick.o
                                 0x44 (size before relaxing)
 .comment       0x00000043        0x0 ./Src/uart.o
                                 0x44 (size before relaxing)

.debug_frame    0x00000000      0x1bc
 .debug_frame   0x00000000       0x64 ./Src/main.o
 .debug_frame   0x00000064       0x58 ./Src/system_stm32f4xx.o
 .debug_frame   0x000000bc       0x58 ./Src/systick.o
 .debug_frame   0x00000114       0x7c ./Src/uart.o
 .debug_frame   0x00000190       0x2c /home/snehas/st/stm32cubeide_2.0.0/plugins/com.st.stm32cube.ide.mcu.externaltools.gnu-tools-for-stm32.13.3.rel1.linux64_1.0.100.202509120712/tools/bin/../lib/gcc/arm-none-eabi/13.3.1/../../../../arm-none-eabi/lib/thumb/v7e-m+fp/hard/libc_nano.a(libc_a-init.o)

.debug_line_str
                0x00000000       0x70
 .debug_line_str
                0x00000000       0x70 ./Startup/startup_stm32f411retx.o
